// Bun Snapshot v1, https://goo.gl/fbAQLP

exports[`input validation with Zod schemas validates optional fields correctly 1`] = `"echo -e "Content" | claude -p --output-format json"`;

exports[`input validation with Zod schemas validates nested objects 1`] = `"echo -e "Content" | claude -p --output-format json"`;

exports[`input validation with Zod schemas no validation when schema not provided 1`] = `"echo -e "Content" | claude -p --output-format json"`;

exports[`input validation with Zod schemas frontmatter system prompt works 1`] = `"echo -e "Content" | claude -p --output-format json"`;
